Archive member included because of file (symbol)

e:/embedded materials/imtsdkavrconfig/imt_sdk_win_64/winavr/bin/../lib/gcc/avr/4.3.3/avr5\libgcc.a(_divmodsi4.o)
                              ./src/Uart.o (__divmodsi4)
e:/embedded materials/imtsdkavrconfig/imt_sdk_win_64/winavr/bin/../lib/gcc/avr/4.3.3/avr5\libgcc.a(_exit.o)
                              e:/embedded materials/imtsdkavrconfig/imt_sdk_win_64/winavr/bin/../lib/gcc/avr/4.3.3/../../../../avr/lib/avr5/crtm32.o (exit)
e:/embedded materials/imtsdkavrconfig/imt_sdk_win_64/winavr/bin/../lib/gcc/avr/4.3.3/avr5\libgcc.a(_copy_data.o)
                              ./src/Gpt_PbCfg.o (__do_copy_data)
e:/embedded materials/imtsdkavrconfig/imt_sdk_win_64/winavr/bin/../lib/gcc/avr/4.3.3/avr5\libgcc.a(_clear_bss.o)
                              ./src/Gpt.o (__do_clear_bss)
e:/embedded materials/imtsdkavrconfig/imt_sdk_win_64/winavr/bin/../lib/gcc/avr/4.3.3/avr5\libgcc.a(_ashldi3.o)
                              ./src/Uart.o (__ashldi3)
e:/embedded materials/imtsdkavrconfig/imt_sdk_win_64/winavr/bin/../lib/gcc/avr/4.3.3/avr5\libgcc.a(_udivdi3.o)
                              ./src/Uart.o (__udivdi3)
e:/embedded materials/imtsdkavrconfig/imt_sdk_win_64/winavr/bin/../lib/gcc/avr/4.3.3/avr5\libgcc.a(_umoddi3.o)
                              ./src/Uart.o (__umoddi3)
e:/embedded materials/imtsdkavrconfig/imt_sdk_win_64/winavr/bin/../lib/gcc/avr/4.3.3/avr5\libgcc.a(_mulsi3.o)
                              e:/embedded materials/imtsdkavrconfig/imt_sdk_win_64/winavr/bin/../lib/gcc/avr/4.3.3/avr5\libgcc.a(_udivdi3.o) (__mulsi3)
e:/embedded materials/imtsdkavrconfig/imt_sdk_win_64/winavr/bin/../lib/gcc/avr/4.3.3/avr5\libgcc.a(_udivmodsi4.o)
                              e:/embedded materials/imtsdkavrconfig/imt_sdk_win_64/winavr/bin/../lib/gcc/avr/4.3.3/avr5\libgcc.a(_divmodsi4.o) (__udivmodsi4)
e:/embedded materials/imtsdkavrconfig/imt_sdk_win_64/winavr/bin/../lib/gcc/avr/4.3.3/avr5\libgcc.a(_prologue.o)
                              e:/embedded materials/imtsdkavrconfig/imt_sdk_win_64/winavr/bin/../lib/gcc/avr/4.3.3/avr5\libgcc.a(_udivdi3.o) (__prologue_saves__)
e:/embedded materials/imtsdkavrconfig/imt_sdk_win_64/winavr/bin/../lib/gcc/avr/4.3.3/avr5\libgcc.a(_epilogue.o)
                              e:/embedded materials/imtsdkavrconfig/imt_sdk_win_64/winavr/bin/../lib/gcc/avr/4.3.3/avr5\libgcc.a(_udivdi3.o) (__epilogue_restores__)
e:/embedded materials/imtsdkavrconfig/imt_sdk_win_64/winavr/bin/../lib/gcc/avr/4.3.3/avr5\libgcc.a(_clz.o)
                              e:/embedded materials/imtsdkavrconfig/imt_sdk_win_64/winavr/bin/../lib/gcc/avr/4.3.3/avr5\libgcc.a(_udivdi3.o) (__clz_tab)
e:/embedded materials/imtsdkavrconfig/imt_sdk_win_64/winavr/bin/../lib/gcc/avr/4.3.3/../../../../avr/lib/avr5\libc.a(memcpy.o)
                              ./FreeRTOS/queue.o (memcpy)
e:/embedded materials/imtsdkavrconfig/imt_sdk_win_64/winavr/bin/../lib/gcc/avr/4.3.3/../../../../avr/lib/avr5\libc.a(memset.o)
                              ./FreeRTOS/tasks.o (memset)
e:/embedded materials/imtsdkavrconfig/imt_sdk_win_64/winavr/bin/../lib/gcc/avr/4.3.3/../../../../avr/lib/avr5\libc.a(strncpy.o)
                              ./FreeRTOS/tasks.o (strncpy)

Allocating common symbols
Common symbol       size              file

buffer              0x2               ./main.o
Tasks               0x50              ./src/Scheduler.o

Memory Configuration

Name             Origin             Length             Attributes
text             0x00000000         0x00020000         xr
data             0x00800060         0x0000ffa0         rw !x
eeprom           0x00810000         0x00010000         rw !x
fuse             0x00820000         0x00000400         rw !x
lock             0x00830000         0x00000400         rw !x
signature        0x00840000         0x00000400         rw !x
*default*        0x00000000         0xffffffff

Linker script and memory map

LOAD e:/embedded materials/imtsdkavrconfig/imt_sdk_win_64/winavr/bin/../lib/gcc/avr/4.3.3/../../../../avr/lib/avr5/crtm32.o
LOAD ./src/Dio.o
LOAD ./src/Gpt.o
LOAD ./src/Gpt_PbCfg.o
LOAD ./src/Scheduler.o
LOAD ./src/Uart.o
LOAD ./src/Wdt.o
LOAD ./FreeRTOS/croutine.o
LOAD ./FreeRTOS/heap_1.o
LOAD ./FreeRTOS/list.o
LOAD ./FreeRTOS/port.o
LOAD ./FreeRTOS/queue.o
LOAD ./FreeRTOS/tasks.o
LOAD ./FreeRTOS/timers.o
LOAD ./main.o
LOAD e:/embedded materials/imtsdkavrconfig/imt_sdk_win_64/winavr/bin/../lib/gcc/avr/4.3.3/avr5\libgcc.a
LOAD e:/embedded materials/imtsdkavrconfig/imt_sdk_win_64/winavr/bin/../lib/gcc/avr/4.3.3/../../../../avr/lib/avr5\libc.a
LOAD e:/embedded materials/imtsdkavrconfig/imt_sdk_win_64/winavr/bin/../lib/gcc/avr/4.3.3/avr5\libgcc.a

.hash
 *(.hash)

.dynsym
 *(.dynsym)

.dynstr
 *(.dynstr)

.gnu.version
 *(.gnu.version)

.gnu.version_d
 *(.gnu.version_d)

.gnu.version_r
 *(.gnu.version_r)

.rel.init
 *(.rel.init)

.rela.init
 *(.rela.init)

.rel.text
 *(.rel.text)
 *(.rel.text.*)
 *(.rel.gnu.linkonce.t*)

.rela.text
 *(.rela.text)
 *(.rela.text.*)
 *(.rela.gnu.linkonce.t*)

.rel.fini
 *(.rel.fini)

.rela.fini
 *(.rela.fini)

.rel.rodata
 *(.rel.rodata)
 *(.rel.rodata.*)
 *(.rel.gnu.linkonce.r*)

.rela.rodata
 *(.rela.rodata)
 *(.rela.rodata.*)
 *(.rela.gnu.linkonce.r*)

.rel.data
 *(.rel.data)
 *(.rel.data.*)
 *(.rel.gnu.linkonce.d*)

.rela.data
 *(.rela.data)
 *(.rela.data.*)
 *(.rela.gnu.linkonce.d*)

.rel.ctors
 *(.rel.ctors)

.rela.ctors
 *(.rela.ctors)

.rel.dtors
 *(.rel.dtors)

.rela.dtors
 *(.rela.dtors)

.rel.got
 *(.rel.got)

.rela.got
 *(.rela.got)

.rel.bss
 *(.rel.bss)

.rela.bss
 *(.rela.bss)

.rel.plt
 *(.rel.plt)

.rela.plt
 *(.rela.plt)

.text           0x00000000     0x4138
 *(.vectors)
 .vectors       0x00000000       0x54 e:/embedded materials/imtsdkavrconfig/imt_sdk_win_64/winavr/bin/../lib/gcc/avr/4.3.3/../../../../avr/lib/avr5/crtm32.o
                0x00000000                __vectors
                0x00000000                __vector_default
 *(.vectors)
 *(.progmem.gcc*)
 *(.progmem*)
                0x00000054                . = ALIGN (0x2)
                0x00000054                __trampolines_start = .
 *(.trampolines)
 .trampolines   0x00000054        0x0 linker stubs
 *(.trampolines*)
                0x00000054                __trampolines_end = .
 *(.jumptables)
 *(.jumptables*)
 *(.lowtext)
 *(.lowtext*)
                0x00000054                __ctors_start = .
 *(.ctors)
                0x00000054                __ctors_end = .
                0x00000054                __dtors_start = .
 *(.dtors)
                0x00000054                __dtors_end = .
 SORT(*)(.ctors)
 SORT(*)(.dtors)
 *(.init0)
 .init0         0x00000054        0x0 e:/embedded materials/imtsdkavrconfig/imt_sdk_win_64/winavr/bin/../lib/gcc/avr/4.3.3/../../../../avr/lib/avr5/crtm32.o
                0x00000054                __init
 *(.init0)
 *(.init1)
 *(.init1)
 *(.init2)
 .init2         0x00000054        0xc e:/embedded materials/imtsdkavrconfig/imt_sdk_win_64/winavr/bin/../lib/gcc/avr/4.3.3/../../../../avr/lib/avr5/crtm32.o
 *(.init2)
 *(.init3)
 *(.init3)
 *(.init4)
 .init4         0x00000060       0x16 e:/embedded materials/imtsdkavrconfig/imt_sdk_win_64/winavr/bin/../lib/gcc/avr/4.3.3/avr5\libgcc.a(_copy_data.o)
                0x00000060                __do_copy_data
 .init4         0x00000076       0x10 e:/embedded materials/imtsdkavrconfig/imt_sdk_win_64/winavr/bin/../lib/gcc/avr/4.3.3/avr5\libgcc.a(_clear_bss.o)
                0x00000076                __do_clear_bss
 *(.init4)
 *(.init5)
 *(.init5)
 *(.init6)
 *(.init6)
 *(.init7)
 *(.init7)
 *(.init8)
 *(.init8)
 *(.init9)
 .init9         0x00000086        0x8 e:/embedded materials/imtsdkavrconfig/imt_sdk_win_64/winavr/bin/../lib/gcc/avr/4.3.3/../../../../avr/lib/avr5/crtm32.o
 *(.init9)
 *(.text)
 .text          0x0000008e        0x4 e:/embedded materials/imtsdkavrconfig/imt_sdk_win_64/winavr/bin/../lib/gcc/avr/4.3.3/../../../../avr/lib/avr5/crtm32.o
                0x0000008e                __vector_1
                0x0000008e                __vector_12
                0x0000008e                __bad_interrupt
                0x0000008e                __vector_6
                0x0000008e                __vector_3
                0x0000008e                __vector_17
                0x0000008e                __vector_19
                0x0000008e                __vector_5
                0x0000008e                __vector_4
                0x0000008e                __vector_9
                0x0000008e                __vector_2
                0x0000008e                __vector_8
                0x0000008e                __vector_16
                0x0000008e                __vector_18
                0x0000008e                __vector_20
 .text          0x00000092        0x0 ./src/Dio.o
 .text          0x00000092        0x0 ./src/Gpt.o
 .text          0x00000092        0x0 ./src/Gpt_PbCfg.o
 .text          0x00000092        0x0 ./src/Scheduler.o
 .text          0x00000092        0x0 ./src/Uart.o
 .text          0x00000092        0x0 ./src/Wdt.o
 .text          0x00000092        0x0 ./FreeRTOS/croutine.o
 .text          0x00000092        0x0 ./FreeRTOS/heap_1.o
 .text          0x00000092        0x0 ./FreeRTOS/list.o
 .text          0x00000092        0x0 ./FreeRTOS/port.o
 .text          0x00000092        0x0 ./FreeRTOS/queue.o
 .text          0x00000092        0x0 ./FreeRTOS/tasks.o
 .text          0x00000092        0x0 ./FreeRTOS/timers.o
 .text          0x00000092        0x0 ./main.o
 .text          0x00000092        0x0 e:/embedded materials/imtsdkavrconfig/imt_sdk_win_64/winavr/bin/../lib/gcc/avr/4.3.3/avr5\libgcc.a(_divmodsi4.o)
 .text          0x00000092        0x0 e:/embedded materials/imtsdkavrconfig/imt_sdk_win_64/winavr/bin/../lib/gcc/avr/4.3.3/avr5\libgcc.a(_exit.o)
 .text          0x00000092        0x0 e:/embedded materials/imtsdkavrconfig/imt_sdk_win_64/winavr/bin/../lib/gcc/avr/4.3.3/avr5\libgcc.a(_copy_data.o)
 .text          0x00000092        0x0 e:/embedded materials/imtsdkavrconfig/imt_sdk_win_64/winavr/bin/../lib/gcc/avr/4.3.3/avr5\libgcc.a(_clear_bss.o)
 .text          0x00000092       0xfe e:/embedded materials/imtsdkavrconfig/imt_sdk_win_64/winavr/bin/../lib/gcc/avr/4.3.3/avr5\libgcc.a(_ashldi3.o)
                0x00000092                __ashldi3
 .text          0x00000190      0xcea e:/embedded materials/imtsdkavrconfig/imt_sdk_win_64/winavr/bin/../lib/gcc/avr/4.3.3/avr5\libgcc.a(_udivdi3.o)
                0x00000190                __udivdi3
 .text          0x00000e7a      0xce0 e:/embedded materials/imtsdkavrconfig/imt_sdk_win_64/winavr/bin/../lib/gcc/avr/4.3.3/avr5\libgcc.a(_umoddi3.o)
                0x00000e7a                __umoddi3
 .text          0x00001b5a        0x0 e:/embedded materials/imtsdkavrconfig/imt_sdk_win_64/winavr/bin/../lib/gcc/avr/4.3.3/avr5\libgcc.a(_mulsi3.o)
 .text          0x00001b5a        0x0 e:/embedded materials/imtsdkavrconfig/imt_sdk_win_64/winavr/bin/../lib/gcc/avr/4.3.3/avr5\libgcc.a(_udivmodsi4.o)
 .text          0x00001b5a        0x0 e:/embedded materials/imtsdkavrconfig/imt_sdk_win_64/winavr/bin/../lib/gcc/avr/4.3.3/avr5\libgcc.a(_prologue.o)
 .text          0x00001b5a        0x0 e:/embedded materials/imtsdkavrconfig/imt_sdk_win_64/winavr/bin/../lib/gcc/avr/4.3.3/avr5\libgcc.a(_epilogue.o)
 .text          0x00001b5a        0x0 e:/embedded materials/imtsdkavrconfig/imt_sdk_win_64/winavr/bin/../lib/gcc/avr/4.3.3/avr5\libgcc.a(_clz.o)
 .text          0x00001b5a        0x0 e:/embedded materials/imtsdkavrconfig/imt_sdk_win_64/winavr/bin/../lib/gcc/avr/4.3.3/../../../../avr/lib/avr5\libc.a(memcpy.o)
 .text          0x00001b5a        0x0 e:/embedded materials/imtsdkavrconfig/imt_sdk_win_64/winavr/bin/../lib/gcc/avr/4.3.3/../../../../avr/lib/avr5\libc.a(memset.o)
 .text          0x00001b5a        0x0 e:/embedded materials/imtsdkavrconfig/imt_sdk_win_64/winavr/bin/../lib/gcc/avr/4.3.3/../../../../avr/lib/avr5\libc.a(strncpy.o)
                0x00001b5a                . = ALIGN (0x2)
 *(.text.*)
 .text.Dio_SetPinMode
                0x00001b5a      0x19c ./src/Dio.o
                0x00001b5a                Dio_SetPinMode
 .text.Dio_SetPinLevel
                0x00001cf6       0xf2 ./src/Dio.o
                0x00001cf6                Dio_SetPinLevel
 .text.Dio_FlipPinLevel
                0x00001de8       0x98 ./src/Dio.o
                0x00001de8                Dio_FlipPinLevel
 .text.Dio_ReadPinLevel
                0x00001e80       0x40 ./src/Dio.o
                0x00001e80                Dio_ReadPinLevel
 .text.__vector_10
                0x00001ec0       0x52 ./src/Gpt.o
                0x00001ec0                __vector_10
 .text.__vector_11
                0x00001f12       0x52 ./src/Gpt.o
                0x00001f12                __vector_11
 .text.Gpt_Init
                0x00001f64       0x66 ./src/Gpt.o
                0x00001f64                Gpt_Init
 .text.Gpt_Start
                0x00001fca       0x76 ./src/Gpt.o
                0x00001fca                Gpt_Start
 .text.Gpt_Stop
                0x00002040       0x18 ./src/Gpt.o
                0x00002040                Gpt_Stop
 .text.Gpt_Reset
                0x00002058        0x8 ./src/Gpt.o
                0x00002058                Gpt_Reset
 .text.Gpt_SetCounterValue
                0x00002060        0x8 ./src/Gpt.o
                0x00002060                Gpt_SetCounterValue
 .text.Gpt_SetCompareValue
                0x00002068        0x8 ./src/Gpt.o
                0x00002068                Gpt_SetCompareValue
 .text.Gpt_EnableNotification
                0x00002070       0x1a ./src/Gpt.o
                0x00002070                Gpt_EnableNotification
 .text.Gpt_DisableNotification
                0x0000208a       0x1a ./src/Gpt.o
                0x0000208a                Gpt_DisableNotification
 .text.Gpt_SetCallback
                0x000020a4       0x1e ./src/Gpt.o
                0x000020a4                Gpt_SetCallback
 .text.Gpt_GetElapsedTime
                0x000020c2       0x14 ./src/Gpt.o
                0x000020c2                Gpt_GetElapsedTime
 .text.Scheduler_CreateTask
                0x000020d6       0x5a ./src/Scheduler.o
                0x000020d6                Scheduler_CreateTask
 .text.Scheduler_DeleteTask
                0x00002130       0x38 ./src/Scheduler.o
                0x00002130                Scheduler_DeleteTask
 .text.Scheduler_Init
                0x00002168       0x14 ./src/Scheduler.o
                0x00002168                Scheduler_Init
 .text.Scheduler_SuspendTask
                0x0000217c       0x1a ./src/Scheduler.o
                0x0000217c                Scheduler_SuspendTask
 .text.Scheduler_ResumeTask
                0x00002196       0x1c ./src/Scheduler.o
                0x00002196                Scheduler_ResumeTask
 .text.Scheduler_Dispath
                0x000021b2       0x56 ./src/Scheduler.o
                0x000021b2                Scheduler_Dispath
 .text.Scheduler_UpdateTasks
                0x00002208       0x36 ./src/Scheduler.o
 .text.Scheduler_Start
                0x0000223e       0x2e ./src/Scheduler.o
                0x0000223e                Scheduler_Start
 .text.__vector_13
                0x0000226c       0x54 ./src/Uart.o
                0x0000226c                __vector_13
 .text.__vector_15
                0x000022c0       0x52 ./src/Uart.o
                0x000022c0                __vector_15
 .text.__vector_14
                0x00002312       0x52 ./src/Uart.o
                0x00002312                __vector_14
 .text.Uart_SetBaudRate
                0x00002364        0xa ./src/Uart.o
                0x00002364                Uart_SetBaudRate
 .text.Uart_Transmit
                0x0000236e        0xe ./src/Uart.o
                0x0000236e                Uart_Transmit
 .text.Uart_SendNumber
                0x0000237c      0x298 ./src/Uart.o
                0x0000237c                Uart_SendNumber
 .text.Uart_Receive
                0x00002614        0x8 ./src/Uart.o
                0x00002614                Uart_Receive
 .text.Uart_EnableNotification
                0x0000261c       0x1a ./src/Uart.o
                0x0000261c                Uart_EnableNotification
 .text.Uart_DisableNotification
                0x00002636       0x1a ./src/Uart.o
                0x00002636                Uart_DisableNotification
 .text.Uart_SetTransmitCallback
                0x00002650        0xa ./src/Uart.o
                0x00002650                Uart_SetTransmitCallback
 .text.Uart_SetDataEmptyCallback
                0x0000265a        0xa ./src/Uart.o
                0x0000265a                Uart_SetDataEmptyCallback
 .text.Uart_SetReceiveCallback
                0x00002664        0xa ./src/Uart.o
                0x00002664                Uart_SetReceiveCallback
 .text.Uart_SendString
                0x0000266e       0x1a ./src/Uart.o
                0x0000266e                Uart_SendString
 .text.Uart_Init
                0x00002688       0x28 ./src/Uart.o
                0x00002688                Uart_Init
 .text.Wdt_Enable
                0x000026b0        0x8 ./src/Wdt.o
                0x000026b0                Wdt_Enable
 .text.Wdt_Disable
                0x000026b8        0xe ./src/Wdt.o
                0x000026b8                Wdt_Disable
 .text.Wdt_Refresh
                0x000026c6       0x14 ./src/Wdt.o
                0x000026c6                Wdt_Refresh
 .text.Wdt_SetTimeOut
                0x000026da       0x14 ./src/Wdt.o
                0x000026da                Wdt_SetTimeOut
 .text.xCoRoutineRemoveFromEventList
                0x000026ee       0x4e ./FreeRTOS/croutine.o
                0x000026ee                xCoRoutineRemoveFromEventList
 .text.vCoRoutineSchedule
                0x0000273c      0x1c0 ./FreeRTOS/croutine.o
                0x0000273c                vCoRoutineSchedule
 .text.vCoRoutineAddToDelayedList
                0x000028fc       0x7a ./FreeRTOS/croutine.o
                0x000028fc                vCoRoutineAddToDelayedList
 .text.xCoRoutineCreate
                0x00002976       0xf4 ./FreeRTOS/croutine.o
                0x00002976                xCoRoutineCreate
 .text.vPortFree
                0x00002a6a        0x2 ./FreeRTOS/heap_1.o
                0x00002a6a                vPortFree
 .text.vPortInitialiseBlocks
                0x00002a6c        0xa ./FreeRTOS/heap_1.o
                0x00002a6c                vPortInitialiseBlocks
 .text.xPortGetFreeHeapSize
                0x00002a76       0x14 ./FreeRTOS/heap_1.o
                0x00002a76                xPortGetFreeHeapSize
 .text.pvPortMalloc
                0x00002a8a       0x4e ./FreeRTOS/heap_1.o
                0x00002a8a                pvPortMalloc
 .text.vListInitialise
                0x00002ad8       0x20 ./FreeRTOS/list.o
                0x00002ad8                vListInitialise
 .text.vListInitialiseItem
                0x00002af8        0x8 ./FreeRTOS/list.o
                0x00002af8                vListInitialiseItem
 .text.vListInsertEnd
                0x00002b00       0x52 ./FreeRTOS/list.o
                0x00002b00                vListInsertEnd
 .text.vListInsert
                0x00002b52       0x6a ./FreeRTOS/list.o
                0x00002b52                vListInsert
 .text.vListRemove
                0x00002bbc       0x50 ./FreeRTOS/list.o
                0x00002bbc                vListRemove
 .text.pxPortInitialiseStack
                0x00002c0c       0x90 ./FreeRTOS/port.o
                0x00002c0c                pxPortInitialiseStack
 .text.xPortStartScheduler
                0x00002c9c       0x6a ./FreeRTOS/port.o
                0x00002c9c                xPortStartScheduler
 .text.vPortEndScheduler
                0x00002d06        0x2 ./FreeRTOS/port.o
                0x00002d06                vPortEndScheduler
 .text.vPortYieldFromTick
                0x00002d08       0xb6 ./FreeRTOS/port.o
                0x00002d08                vPortYieldFromTick
 .text.__vector_7
                0x00002dbe        0x6 ./FreeRTOS/port.o
                0x00002dbe                __vector_7
 .text.vPortYield
                0x00002dc4       0xb2 ./FreeRTOS/port.o
                0x00002dc4                vPortYield
 .text.uxQueueMessagesWaiting
                0x00002e76       0x10 ./FreeRTOS/queue.o
                0x00002e76                uxQueueMessagesWaiting
 .text.uxQueueMessagesWaitingFromISR
                0x00002e86        0x6 ./FreeRTOS/queue.o
                0x00002e86                uxQueueMessagesWaitingFromISR
 .text.xQueueIsQueueEmptyFromISR
                0x00002e8c       0x10 ./FreeRTOS/queue.o
                0x00002e8c                xQueueIsQueueEmptyFromISR
 .text.xQueueIsQueueFullFromISR
                0x00002e9c       0x12 ./FreeRTOS/queue.o
                0x00002e9c                xQueueIsQueueFullFromISR
 .text.vQueueDelete
                0x00002eae       0x1c ./FreeRTOS/queue.o
                0x00002eae                vQueueDelete
 .text.xQueueReceiveFromISR
                0x00002eca       0x7e ./FreeRTOS/queue.o
                0x00002eca                xQueueReceiveFromISR
 .text.prvUnlockQueue
                0x00002f48       0x80 ./FreeRTOS/queue.o
 .text.xQueueGenericReceive
                0x00002fc8      0x1ca ./FreeRTOS/queue.o
                0x00002fc8                xQueueGenericReceive
 .text.prvCopyDataToQueue
                0x00003192       0x98 ./FreeRTOS/queue.o
 .text.xQueueGenericSendFromISR
                0x0000322a       0x50 ./FreeRTOS/queue.o
                0x0000322a                xQueueGenericSendFromISR
 .text.xQueueGenericSend
                0x0000327a      0x148 ./FreeRTOS/queue.o
                0x0000327a                xQueueGenericSend
 .text.xQueueCreateMutex
                0x000033c2       0x58 ./FreeRTOS/queue.o
                0x000033c2                xQueueCreateMutex
 .text.xQueueCreate
                0x0000341a       0xbe ./FreeRTOS/queue.o
                0x0000341a                xQueueCreate
 .text.xQueueCreateCountingSemaphore
                0x000034d8       0x18 ./FreeRTOS/queue.o
                0x000034d8                xQueueCreateCountingSemaphore
 .text.vTaskSuspendAll
                0x000034f0        0xc ./FreeRTOS/tasks.o
                0x000034f0                vTaskSuspendAll
 .text.xTaskGetTickCount
                0x000034fc       0x16 ./FreeRTOS/tasks.o
                0x000034fc                xTaskGetTickCount
 .text.xTaskGetTickCountFromISR
                0x00003512        0xc ./FreeRTOS/tasks.o
                0x00003512                xTaskGetTickCountFromISR
 .text.uxTaskGetNumberOfTasks
                0x0000351e        0x6 ./FreeRTOS/tasks.o
                0x0000351e                uxTaskGetNumberOfTasks
 .text.vTaskSwitchContext
                0x00003524       0x84 ./FreeRTOS/tasks.o
                0x00003524                vTaskSwitchContext
 .text.vTaskSetTimeOutState
                0x000035a8       0x16 ./FreeRTOS/tasks.o
                0x000035a8                vTaskSetTimeOutState
 .text.xTaskCheckForTimeOut
                0x000035be       0x74 ./FreeRTOS/tasks.o
                0x000035be                xTaskCheckForTimeOut
 .text.vTaskMissedYield
                0x00003632        0x8 ./FreeRTOS/tasks.o
                0x00003632                vTaskMissedYield
 .text.xTaskGetCurrentTaskHandle
                0x0000363a        0xc ./FreeRTOS/tasks.o
                0x0000363a                xTaskGetCurrentTaskHandle
 .text.vTaskPriorityDisinherit
                0x00003646       0x5a ./FreeRTOS/tasks.o
                0x00003646                vTaskPriorityDisinherit
 .text.vTaskPriorityInherit
                0x000036a0       0x94 ./FreeRTOS/tasks.o
                0x000036a0                vTaskPriorityInherit
 .text.xTaskRemoveFromEventList
                0x00003734       0x7e ./FreeRTOS/tasks.o
                0x00003734                xTaskRemoveFromEventList
 .text.vTaskIncrementTick
                0x000037b2      0x148 ./FreeRTOS/tasks.o
                0x000037b2                vTaskIncrementTick
 .text.prvAddCurrentTaskToDelayedList
                0x000038fa       0x6e ./FreeRTOS/tasks.o
 .text.vTaskPlaceOnEventList
                0x00003968       0x3a ./FreeRTOS/tasks.o
                0x00003968                vTaskPlaceOnEventList
 .text.xTaskResumeAll
                0x000039a2       0xf6 ./FreeRTOS/tasks.o
                0x000039a2                xTaskResumeAll
 .text.vTaskDelay
                0x00003a98       0x4e ./FreeRTOS/tasks.o
                0x00003a98                vTaskDelay
 .text.vTaskDelayUntil
                0x00003ae6       0x78 ./FreeRTOS/tasks.o
                0x00003ae6                vTaskDelayUntil
 .text.vTaskDelete
                0x00003b5e       0x9a ./FreeRTOS/tasks.o
                0x00003b5e                vTaskDelete
 .text.vTaskEndScheduler
                0x00003bf8        0xc ./FreeRTOS/tasks.o
                0x00003bf8                vTaskEndScheduler
 .text.prvIdleTask
                0x00003c04       0x66 ./FreeRTOS/tasks.o
 .text.xTaskGenericCreate
                0x00003c6a      0x242 ./FreeRTOS/tasks.o
                0x00003c6a                xTaskGenericCreate
 .text.vTaskStartScheduler
                0x00003eac       0x56 ./FreeRTOS/tasks.o
                0x00003eac                vTaskStartScheduler
 .text.ReceiveISR
                0x00003f02       0x2c ./main.o
                0x00003f02                ReceiveISR
 .text.ReceiveTask
                0x00003f2e       0x4a ./main.o
                0x00003f2e                ReceiveTask
 .text.main     0x00003f78       0x58 ./main.o
                0x00003f78                main
 .text.libgcc   0x00003fd0       0x36 e:/embedded materials/imtsdkavrconfig/imt_sdk_win_64/winavr/bin/../lib/gcc/avr/4.3.3/avr5\libgcc.a(_divmodsi4.o)
                0x00003fd0                __divmodsi4
 .text.libgcc   0x00004006        0x0 e:/embedded materials/imtsdkavrconfig/imt_sdk_win_64/winavr/bin/../lib/gcc/avr/4.3.3/avr5\libgcc.a(_exit.o)
 .text.libgcc   0x00004006        0x0 e:/embedded materials/imtsdkavrconfig/imt_sdk_win_64/winavr/bin/../lib/gcc/avr/4.3.3/avr5\libgcc.a(_copy_data.o)
 .text.libgcc   0x00004006        0x0 e:/embedded materials/imtsdkavrconfig/imt_sdk_win_64/winavr/bin/../lib/gcc/avr/4.3.3/avr5\libgcc.a(_clear_bss.o)
 .text.libgcc   0x00004006       0x3e e:/embedded materials/imtsdkavrconfig/imt_sdk_win_64/winavr/bin/../lib/gcc/avr/4.3.3/avr5\libgcc.a(_mulsi3.o)
                0x00004006                __mulsi3
 .text.libgcc   0x00004044       0x44 e:/embedded materials/imtsdkavrconfig/imt_sdk_win_64/winavr/bin/../lib/gcc/avr/4.3.3/avr5\libgcc.a(_udivmodsi4.o)
                0x00004044                __udivmodsi4
 .text.libgcc   0x00004088       0x38 e:/embedded materials/imtsdkavrconfig/imt_sdk_win_64/winavr/bin/../lib/gcc/avr/4.3.3/avr5\libgcc.a(_prologue.o)
                0x00004088                __prologue_saves__
 .text.libgcc   0x000040c0       0x36 e:/embedded materials/imtsdkavrconfig/imt_sdk_win_64/winavr/bin/../lib/gcc/avr/4.3.3/avr5\libgcc.a(_epilogue.o)
                0x000040c0                __epilogue_restores__
 .text.avr-libc
                0x000040f6       0x12 e:/embedded materials/imtsdkavrconfig/imt_sdk_win_64/winavr/bin/../lib/gcc/avr/4.3.3/../../../../avr/lib/avr5\libc.a(memcpy.o)
                0x000040f6                memcpy
 .text.avr-libc
                0x00004108        0xe e:/embedded materials/imtsdkavrconfig/imt_sdk_win_64/winavr/bin/../lib/gcc/avr/4.3.3/../../../../avr/lib/avr5\libc.a(memset.o)
                0x00004108                memset
 .text.avr-libc
                0x00004116       0x1e e:/embedded materials/imtsdkavrconfig/imt_sdk_win_64/winavr/bin/../lib/gcc/avr/4.3.3/../../../../avr/lib/avr5\libc.a(strncpy.o)
                0x00004116                strncpy
                0x00004134                . = ALIGN (0x2)
 *(.fini9)
 .fini9         0x00004134        0x0 e:/embedded materials/imtsdkavrconfig/imt_sdk_win_64/winavr/bin/../lib/gcc/avr/4.3.3/avr5\libgcc.a(_exit.o)
                0x00004134                exit
                0x00004134                _exit
 *(.fini9)
 *(.fini8)
 *(.fini8)
 *(.fini7)
 *(.fini7)
 *(.fini6)
 *(.fini6)
 *(.fini5)
 *(.fini5)
 *(.fini4)
 *(.fini4)
 *(.fini3)
 *(.fini3)
 *(.fini2)
 *(.fini2)
 *(.fini1)
 *(.fini1)
 *(.fini0)
 .fini0         0x00004134        0x4 e:/embedded materials/imtsdkavrconfig/imt_sdk_win_64/winavr/bin/../lib/gcc/avr/4.3.3/avr5\libgcc.a(_exit.o)
 *(.fini0)
                0x00004138                _etext = .

.data           0x00800060      0x10e load address 0x00004138
                0x00800060                PROVIDE (__data_start, .)
 *(.data)
 .data          0x00800060        0x0 e:/embedded materials/imtsdkavrconfig/imt_sdk_win_64/winavr/bin/../lib/gcc/avr/4.3.3/../../../../avr/lib/avr5/crtm32.o
 .data          0x00800060        0x0 ./src/Dio.o
 .data          0x00800060        0x0 ./src/Gpt.o
 .data          0x00800060        0x0 ./src/Gpt_PbCfg.o
 .data          0x00800060        0x0 ./src/Scheduler.o
 .data          0x00800060        0x0 ./src/Uart.o
 .data          0x00800060        0x0 ./src/Wdt.o
 .data          0x00800060        0x0 ./FreeRTOS/croutine.o
 .data          0x00800060        0x0 ./FreeRTOS/heap_1.o
 .data          0x00800060        0x0 ./FreeRTOS/list.o
 .data          0x00800060        0x0 ./FreeRTOS/port.o
 .data          0x00800060        0x0 ./FreeRTOS/queue.o
 .data          0x00800060        0x5 ./FreeRTOS/tasks.o
 .data          0x00800065        0x0 ./FreeRTOS/timers.o
 .data          0x00800065        0x0 ./main.o
 .data          0x00800065        0x0 e:/embedded materials/imtsdkavrconfig/imt_sdk_win_64/winavr/bin/../lib/gcc/avr/4.3.3/avr5\libgcc.a(_divmodsi4.o)
 .data          0x00800065        0x0 e:/embedded materials/imtsdkavrconfig/imt_sdk_win_64/winavr/bin/../lib/gcc/avr/4.3.3/avr5\libgcc.a(_exit.o)
 .data          0x00800065        0x0 e:/embedded materials/imtsdkavrconfig/imt_sdk_win_64/winavr/bin/../lib/gcc/avr/4.3.3/avr5\libgcc.a(_copy_data.o)
 .data          0x00800065        0x0 e:/embedded materials/imtsdkavrconfig/imt_sdk_win_64/winavr/bin/../lib/gcc/avr/4.3.3/avr5\libgcc.a(_clear_bss.o)
 .data          0x00800065        0x0 e:/embedded materials/imtsdkavrconfig/imt_sdk_win_64/winavr/bin/../lib/gcc/avr/4.3.3/avr5\libgcc.a(_ashldi3.o)
 .data          0x00800065        0x0 e:/embedded materials/imtsdkavrconfig/imt_sdk_win_64/winavr/bin/../lib/gcc/avr/4.3.3/avr5\libgcc.a(_udivdi3.o)
 .data          0x00800065        0x0 e:/embedded materials/imtsdkavrconfig/imt_sdk_win_64/winavr/bin/../lib/gcc/avr/4.3.3/avr5\libgcc.a(_umoddi3.o)
 .data          0x00800065        0x0 e:/embedded materials/imtsdkavrconfig/imt_sdk_win_64/winavr/bin/../lib/gcc/avr/4.3.3/avr5\libgcc.a(_mulsi3.o)
 .data          0x00800065        0x0 e:/embedded materials/imtsdkavrconfig/imt_sdk_win_64/winavr/bin/../lib/gcc/avr/4.3.3/avr5\libgcc.a(_udivmodsi4.o)
 .data          0x00800065        0x0 e:/embedded materials/imtsdkavrconfig/imt_sdk_win_64/winavr/bin/../lib/gcc/avr/4.3.3/avr5\libgcc.a(_prologue.o)
 .data          0x00800065        0x0 e:/embedded materials/imtsdkavrconfig/imt_sdk_win_64/winavr/bin/../lib/gcc/avr/4.3.3/avr5\libgcc.a(_epilogue.o)
 .data          0x00800065      0x100 e:/embedded materials/imtsdkavrconfig/imt_sdk_win_64/winavr/bin/../lib/gcc/avr/4.3.3/avr5\libgcc.a(_clz.o)
                0x00800065                __clz_tab
 .data          0x00800165        0x0 e:/embedded materials/imtsdkavrconfig/imt_sdk_win_64/winavr/bin/../lib/gcc/avr/4.3.3/../../../../avr/lib/avr5\libc.a(memcpy.o)
 .data          0x00800165        0x0 e:/embedded materials/imtsdkavrconfig/imt_sdk_win_64/winavr/bin/../lib/gcc/avr/4.3.3/../../../../avr/lib/avr5\libc.a(memset.o)
 .data          0x00800165        0x0 e:/embedded materials/imtsdkavrconfig/imt_sdk_win_64/winavr/bin/../lib/gcc/avr/4.3.3/../../../../avr/lib/avr5\libc.a(strncpy.o)
 *(.data*)
 .data.Gpt_Configuration
                0x00800165        0x6 ./src/Gpt_PbCfg.o
                0x00800165                Gpt_Configuration
 .data.xNextTaskUnblockTime
                0x0080016b        0x2 ./FreeRTOS/tasks.o
 *(.rodata)
 *(.rodata*)
 *(.gnu.linkonce.d*)
                0x0080016e                . = ALIGN (0x2)
 *fill*         0x0080016d        0x1 00
                0x0080016e                _edata = .
                0x0080016e                PROVIDE (__data_end, .)

.bss            0x0080016e      0x4dd
                0x0080016e                PROVIDE (__bss_start, .)
 *(.bss)
 .bss           0x0080016e        0x0 e:/embedded materials/imtsdkavrconfig/imt_sdk_win_64/winavr/bin/../lib/gcc/avr/4.3.3/../../../../avr/lib/avr5/crtm32.o
 .bss           0x0080016e        0x0 ./src/Dio.o
 .bss           0x0080016e        0x0 ./src/Gpt.o
 .bss           0x0080016e        0x0 ./src/Gpt_PbCfg.o
 .bss           0x0080016e        0x0 ./src/Scheduler.o
 .bss           0x0080016e        0x0 ./src/Uart.o
 .bss           0x0080016e        0x0 ./src/Wdt.o
 .bss           0x0080016e        0x0 ./FreeRTOS/croutine.o
 .bss           0x0080016e        0x0 ./FreeRTOS/heap_1.o
 .bss           0x0080016e        0x0 ./FreeRTOS/list.o
 .bss           0x0080016e        0x0 ./FreeRTOS/port.o
 .bss           0x0080016e        0x0 ./FreeRTOS/queue.o
 .bss           0x0080016e        0x0 ./FreeRTOS/tasks.o
 .bss           0x0080016e        0x0 ./FreeRTOS/timers.o
 .bss           0x0080016e        0x0 ./main.o
 .bss           0x0080016e        0x0 e:/embedded materials/imtsdkavrconfig/imt_sdk_win_64/winavr/bin/../lib/gcc/avr/4.3.3/avr5\libgcc.a(_divmodsi4.o)
 .bss           0x0080016e        0x0 e:/embedded materials/imtsdkavrconfig/imt_sdk_win_64/winavr/bin/../lib/gcc/avr/4.3.3/avr5\libgcc.a(_exit.o)
 .bss           0x0080016e        0x0 e:/embedded materials/imtsdkavrconfig/imt_sdk_win_64/winavr/bin/../lib/gcc/avr/4.3.3/avr5\libgcc.a(_copy_data.o)
 .bss           0x0080016e        0x0 e:/embedded materials/imtsdkavrconfig/imt_sdk_win_64/winavr/bin/../lib/gcc/avr/4.3.3/avr5\libgcc.a(_clear_bss.o)
 .bss           0x0080016e        0x0 e:/embedded materials/imtsdkavrconfig/imt_sdk_win_64/winavr/bin/../lib/gcc/avr/4.3.3/avr5\libgcc.a(_ashldi3.o)
 .bss           0x0080016e        0x0 e:/embedded materials/imtsdkavrconfig/imt_sdk_win_64/winavr/bin/../lib/gcc/avr/4.3.3/avr5\libgcc.a(_udivdi3.o)
 .bss           0x0080016e        0x0 e:/embedded materials/imtsdkavrconfig/imt_sdk_win_64/winavr/bin/../lib/gcc/avr/4.3.3/avr5\libgcc.a(_umoddi3.o)
 .bss           0x0080016e        0x0 e:/embedded materials/imtsdkavrconfig/imt_sdk_win_64/winavr/bin/../lib/gcc/avr/4.3.3/avr5\libgcc.a(_mulsi3.o)
 .bss           0x0080016e        0x0 e:/embedded materials/imtsdkavrconfig/imt_sdk_win_64/winavr/bin/../lib/gcc/avr/4.3.3/avr5\libgcc.a(_udivmodsi4.o)
 .bss           0x0080016e        0x0 e:/embedded materials/imtsdkavrconfig/imt_sdk_win_64/winavr/bin/../lib/gcc/avr/4.3.3/avr5\libgcc.a(_prologue.o)
 .bss           0x0080016e        0x0 e:/embedded materials/imtsdkavrconfig/imt_sdk_win_64/winavr/bin/../lib/gcc/avr/4.3.3/avr5\libgcc.a(_epilogue.o)
 .bss           0x0080016e        0x0 e:/embedded materials/imtsdkavrconfig/imt_sdk_win_64/winavr/bin/../lib/gcc/avr/4.3.3/avr5\libgcc.a(_clz.o)
 .bss           0x0080016e        0x0 e:/embedded materials/imtsdkavrconfig/imt_sdk_win_64/winavr/bin/../lib/gcc/avr/4.3.3/../../../../avr/lib/avr5\libc.a(memcpy.o)
 .bss           0x0080016e        0x0 e:/embedded materials/imtsdkavrconfig/imt_sdk_win_64/winavr/bin/../lib/gcc/avr/4.3.3/../../../../avr/lib/avr5\libc.a(memset.o)
 .bss           0x0080016e        0x0 e:/embedded materials/imtsdkavrconfig/imt_sdk_win_64/winavr/bin/../lib/gcc/avr/4.3.3/../../../../avr/lib/avr5\libc.a(strncpy.o)
 *(.bss*)
 .bss.Gpt_Callback_TIM0_COMP
                0x0080016e        0x2 ./src/Gpt.o
                0x0080016e                Gpt_Callback_TIM0_COMP
 .bss.Gpt_Callback_TIM0_OVF
                0x00800170        0x2 ./src/Gpt.o
                0x00800170                Gpt_Callback_TIM0_OVF
 .bss.Gpt_Callback_TIM1A_COMP
                0x00800172        0x2 ./src/Gpt.o
                0x00800172                Gpt_Callback_TIM1A_COMP
 .bss.Gpt_Callback_TIM1B_COMP
                0x00800174        0x2 ./src/Gpt.o
                0x00800174                Gpt_Callback_TIM1B_COMP
 .bss.Gpt_Callback_TIM1_OVF
                0x00800176        0x2 ./src/Gpt.o
                0x00800176                Gpt_Callback_TIM1_OVF
 .bss.Gpt_Callback_TIM1_CAPT
                0x00800178        0x2 ./src/Gpt.o
                0x00800178                Gpt_Callback_TIM1_CAPT
 .bss.Gpt_Callback_TIM2_OVF
                0x0080017a        0x2 ./src/Gpt.o
                0x0080017a                Gpt_Callback_TIM2_OVF
 .bss.Gpt_Callback_TIM2_COMP
                0x0080017c        0x2 ./src/Gpt.o
                0x0080017c                Gpt_Callback_TIM2_COMP
 .bss.Uart_RxCallback
                0x0080017e        0x2 ./src/Uart.o
                0x0080017e                Uart_RxCallback
 .bss.Uart_TxCallback
                0x00800180        0x2 ./src/Uart.o
                0x00800180                Uart_TxCallback
 .bss.Uart_RegEmptyCallback
                0x00800182        0x2 ./src/Uart.o
                0x00800182                Uart_RegEmptyCallback
 .bss.pxCurrentCoRoutine
                0x00800184        0x2 ./FreeRTOS/croutine.o
                0x00800184                pxCurrentCoRoutine
 .bss.uxTopCoRoutineReadyPriority
                0x00800186        0x1 ./FreeRTOS/croutine.o
 .bss.xLastTickCount
                0x00800187        0x2 ./FreeRTOS/croutine.o
 .bss.xPassedTicks
                0x00800189        0x2 ./FreeRTOS/croutine.o
 .bss.xCoRoutineTickCount
                0x0080018b        0x2 ./FreeRTOS/croutine.o
 .bss.pxReadyCoRoutineLists
                0x0080018d       0x12 ./FreeRTOS/croutine.o
 .bss.xDelayedCoRoutineList1
                0x0080019f        0x9 ./FreeRTOS/croutine.o
 .bss.xDelayedCoRoutineList2
                0x008001a8        0x9 ./FreeRTOS/croutine.o
 .bss.pxDelayedCoRoutineList
                0x008001b1        0x2 ./FreeRTOS/croutine.o
 .bss.pxOverflowDelayedCoRoutineList
                0x008001b3        0x2 ./FreeRTOS/croutine.o
 .bss.xPendingReadyCoRoutineList
                0x008001b5        0x9 ./FreeRTOS/croutine.o
 .bss.xNextFreeByte
                0x008001be        0x2 ./FreeRTOS/heap_1.o
 .bss.xHeap     0x008001c0      0x3e8 ./FreeRTOS/heap_1.o
 .bss.pxCurrentTCB
                0x008005a8        0x2 ./FreeRTOS/tasks.o
                0x008005a8                pxCurrentTCB
 .bss.uxTopReadyPriority
                0x008005aa        0x1 ./FreeRTOS/tasks.o
 .bss.xMissedYield
                0x008005ab        0x1 ./FreeRTOS/tasks.o
 .bss.xNumOfOverflows
                0x008005ac        0x1 ./FreeRTOS/tasks.o
 .bss.xTickCount
                0x008005ad        0x2 ./FreeRTOS/tasks.o
 .bss.uxSchedulerSuspended
                0x008005af        0x1 ./FreeRTOS/tasks.o
 .bss.uxMissedTicks
                0x008005b0        0x1 ./FreeRTOS/tasks.o
 .bss.uxCurrentNumberOfTasks
                0x008005b1        0x1 ./FreeRTOS/tasks.o
 .bss.xSchedulerRunning
                0x008005b2        0x1 ./FreeRTOS/tasks.o
 .bss.uxTasksDeleted
                0x008005b3        0x1 ./FreeRTOS/tasks.o
 .bss.uxTaskNumber
                0x008005b4        0x1 ./FreeRTOS/tasks.o
 .bss.uxTopUsedPriority
                0x008005b5        0x1 ./FreeRTOS/tasks.o
 .bss.pxReadyTasksLists
                0x008005b6       0x1b ./FreeRTOS/tasks.o
 .bss.xDelayedTaskList1
                0x008005d1        0x9 ./FreeRTOS/tasks.o
 .bss.xDelayedTaskList2
                0x008005da        0x9 ./FreeRTOS/tasks.o
 .bss.pxDelayedTaskList
                0x008005e3        0x2 ./FreeRTOS/tasks.o
 .bss.pxOverflowDelayedTaskList
                0x008005e5        0x2 ./FreeRTOS/tasks.o
 .bss.xPendingReadyList
                0x008005e7        0x9 ./FreeRTOS/tasks.o
 .bss.xTasksWaitingTermination
                0x008005f0        0x9 ./FreeRTOS/tasks.o
 *(COMMON)
 COMMON         0x008005f9       0x50 ./src/Scheduler.o
                0x008005f9                Tasks
 COMMON         0x00800649        0x2 ./main.o
                0x00800649                buffer
                0x0080064b                PROVIDE (__bss_end, .)
                0x00004138                __data_load_start = LOADADDR (.data)
                0x00004246                __data_load_end = (__data_load_start + SIZEOF (.data))

.noinit         0x0080064b        0x0
                0x0080064b                PROVIDE (__noinit_start, .)
 *(.noinit*)
                0x0080064b                PROVIDE (__noinit_end, .)
                0x0080064b                _end = .
                0x0080064b                PROVIDE (__heap_start, .)

.eeprom         0x00810000        0x0
 *(.eeprom*)
                0x00810000                __eeprom_end = .

.fuse
 *(.fuse)
 *(.lfuse)
 *(.hfuse)
 *(.efuse)

.lock
 *(.lock*)

.signature
 *(.signature*)

.stab
 *(.stab)

.stabstr
 *(.stabstr)

.stab.excl
 *(.stab.excl)

.stab.exclstr
 *(.stab.exclstr)

.stab.index
 *(.stab.index)

.stab.indexstr
 *(.stab.indexstr)

.comment
 *(.comment)

.debug
 *(.debug)

.line
 *(.line)

.debug_srcinfo
 *(.debug_srcinfo)

.debug_sfnames
 *(.debug_sfnames)

.debug_aranges  0x00000000       0x60
 *(.debug_aranges)
 .debug_aranges
                0x00000000       0x20 e:/embedded materials/imtsdkavrconfig/imt_sdk_win_64/winavr/bin/../lib/gcc/avr/4.3.3/avr5\libgcc.a(_ashldi3.o)
 .debug_aranges
                0x00000020       0x20 e:/embedded materials/imtsdkavrconfig/imt_sdk_win_64/winavr/bin/../lib/gcc/avr/4.3.3/avr5\libgcc.a(_udivdi3.o)
 .debug_aranges
                0x00000040       0x20 e:/embedded materials/imtsdkavrconfig/imt_sdk_win_64/winavr/bin/../lib/gcc/avr/4.3.3/avr5\libgcc.a(_umoddi3.o)

.debug_pubnames
                0x00000000       0x80
 *(.debug_pubnames)
 .debug_pubnames
                0x00000000       0x20 e:/embedded materials/imtsdkavrconfig/imt_sdk_win_64/winavr/bin/../lib/gcc/avr/4.3.3/avr5\libgcc.a(_ashldi3.o)
 .debug_pubnames
                0x00000020       0x20 e:/embedded materials/imtsdkavrconfig/imt_sdk_win_64/winavr/bin/../lib/gcc/avr/4.3.3/avr5\libgcc.a(_udivdi3.o)
 .debug_pubnames
                0x00000040       0x20 e:/embedded materials/imtsdkavrconfig/imt_sdk_win_64/winavr/bin/../lib/gcc/avr/4.3.3/avr5\libgcc.a(_umoddi3.o)
 .debug_pubnames
                0x00000060       0x20 e:/embedded materials/imtsdkavrconfig/imt_sdk_win_64/winavr/bin/../lib/gcc/avr/4.3.3/avr5\libgcc.a(_clz.o)

.debug_info     0x00000000     0x109d
 *(.debug_info)
 .debug_info    0x00000000      0x17f e:/embedded materials/imtsdkavrconfig/imt_sdk_win_64/winavr/bin/../lib/gcc/avr/4.3.3/avr5\libgcc.a(_ashldi3.o)
 .debug_info    0x0000017f      0x71e e:/embedded materials/imtsdkavrconfig/imt_sdk_win_64/winavr/bin/../lib/gcc/avr/4.3.3/avr5\libgcc.a(_udivdi3.o)
 .debug_info    0x0000089d      0x757 e:/embedded materials/imtsdkavrconfig/imt_sdk_win_64/winavr/bin/../lib/gcc/avr/4.3.3/avr5\libgcc.a(_umoddi3.o)
 .debug_info    0x00000ff4       0xa9 e:/embedded materials/imtsdkavrconfig/imt_sdk_win_64/winavr/bin/../lib/gcc/avr/4.3.3/avr5\libgcc.a(_clz.o)
 *(.gnu.linkonce.wi.*)

.debug_abbrev   0x00000000      0x469
 *(.debug_abbrev)
 .debug_abbrev  0x00000000       0xee e:/embedded materials/imtsdkavrconfig/imt_sdk_win_64/winavr/bin/../lib/gcc/avr/4.3.3/avr5\libgcc.a(_ashldi3.o)
 .debug_abbrev  0x000000ee      0x181 e:/embedded materials/imtsdkavrconfig/imt_sdk_win_64/winavr/bin/../lib/gcc/avr/4.3.3/avr5\libgcc.a(_udivdi3.o)
 .debug_abbrev  0x0000026f      0x190 e:/embedded materials/imtsdkavrconfig/imt_sdk_win_64/winavr/bin/../lib/gcc/avr/4.3.3/avr5\libgcc.a(_umoddi3.o)
 .debug_abbrev  0x000003ff       0x6a e:/embedded materials/imtsdkavrconfig/imt_sdk_win_64/winavr/bin/../lib/gcc/avr/4.3.3/avr5\libgcc.a(_clz.o)

.debug_line     0x00000000      0x55b
 *(.debug_line)
 .debug_line    0x00000000       0xd7 e:/embedded materials/imtsdkavrconfig/imt_sdk_win_64/winavr/bin/../lib/gcc/avr/4.3.3/avr5\libgcc.a(_ashldi3.o)
 .debug_line    0x000000d7      0x1d8 e:/embedded materials/imtsdkavrconfig/imt_sdk_win_64/winavr/bin/../lib/gcc/avr/4.3.3/avr5\libgcc.a(_udivdi3.o)
 .debug_line    0x000002af      0x230 e:/embedded materials/imtsdkavrconfig/imt_sdk_win_64/winavr/bin/../lib/gcc/avr/4.3.3/avr5\libgcc.a(_umoddi3.o)
 .debug_line    0x000004df       0x7c e:/embedded materials/imtsdkavrconfig/imt_sdk_win_64/winavr/bin/../lib/gcc/avr/4.3.3/avr5\libgcc.a(_clz.o)

.debug_frame    0x00000000       0x60
 *(.debug_frame)
 .debug_frame   0x00000000       0x20 e:/embedded materials/imtsdkavrconfig/imt_sdk_win_64/winavr/bin/../lib/gcc/avr/4.3.3/avr5\libgcc.a(_ashldi3.o)
 .debug_frame   0x00000020       0x20 e:/embedded materials/imtsdkavrconfig/imt_sdk_win_64/winavr/bin/../lib/gcc/avr/4.3.3/avr5\libgcc.a(_udivdi3.o)
 .debug_frame   0x00000040       0x20 e:/embedded materials/imtsdkavrconfig/imt_sdk_win_64/winavr/bin/../lib/gcc/avr/4.3.3/avr5\libgcc.a(_umoddi3.o)

.debug_str      0x00000000      0x16a
 *(.debug_str)
 .debug_str     0x00000000       0xe4 e:/embedded materials/imtsdkavrconfig/imt_sdk_win_64/winavr/bin/../lib/gcc/avr/4.3.3/avr5\libgcc.a(_ashldi3.o)
                                0x131 (size before relaxing)
 .debug_str     0x000000e4       0x7c e:/embedded materials/imtsdkavrconfig/imt_sdk_win_64/winavr/bin/../lib/gcc/avr/4.3.3/avr5\libgcc.a(_udivdi3.o)
                                0x18a (size before relaxing)
 .debug_str     0x00000160        0xa e:/embedded materials/imtsdkavrconfig/imt_sdk_win_64/winavr/bin/../lib/gcc/avr/4.3.3/avr5\libgcc.a(_umoddi3.o)
                                0x18a (size before relaxing)
 .debug_str     0x00000000       0xf4 e:/embedded materials/imtsdkavrconfig/imt_sdk_win_64/winavr/bin/../lib/gcc/avr/4.3.3/avr5\libgcc.a(_clz.o)

.debug_loc      0x00000000     0x1a1e
 *(.debug_loc)
 .debug_loc     0x00000000       0xf8 e:/embedded materials/imtsdkavrconfig/imt_sdk_win_64/winavr/bin/../lib/gcc/avr/4.3.3/avr5\libgcc.a(_ashldi3.o)
 .debug_loc     0x000000f8      0xe74 e:/embedded materials/imtsdkavrconfig/imt_sdk_win_64/winavr/bin/../lib/gcc/avr/4.3.3/avr5\libgcc.a(_udivdi3.o)
 .debug_loc     0x00000f6c      0xab2 e:/embedded materials/imtsdkavrconfig/imt_sdk_win_64/winavr/bin/../lib/gcc/avr/4.3.3/avr5\libgcc.a(_umoddi3.o)

.debug_macinfo
 *(.debug_macinfo)
OUTPUT(FreeRTOS.elf elf32-avr)
LOAD linker stubs

.debug_ranges   0x00000000       0x30
 .debug_ranges  0x00000000       0x18 e:/embedded materials/imtsdkavrconfig/imt_sdk_win_64/winavr/bin/../lib/gcc/avr/4.3.3/avr5\libgcc.a(_udivdi3.o)
 .debug_ranges  0x00000018       0x18 e:/embedded materials/imtsdkavrconfig/imt_sdk_win_64/winavr/bin/../lib/gcc/avr/4.3.3/avr5\libgcc.a(_umoddi3.o)
